[WARNING] Extendible Hashing no disponible: cannot import name 'DiskExtendibleHashing' from 'extendible_hashing.extendible_hashing' (C:\Users\Federico\Desktop\proy bd2\reference_repo\extendible_hashing\extendible_hashing.py)
[WARNING] R-Tree no disponible: No module named 'rtree'

1. Creating Table 'Articles' with BOW index...
[LOG] CREATE TABLE Articles usando estructura BOW
[OK] Table created successfully.
Table structure: bow
HAS_BOW: True

2. Inserting documents...
[LOG] [DEBUG] Text: 'El aprendizaje automßtico es una rama de la inteligencia artificial.' -> Tokens: ['aprendizaj', 'automat', 'ram', 'inteligent', 'artificial']
[LOG] [DEBUG] Adding to indexer at test_data_bow\bow\Articles
Block 0 written to test_data_bow\bow\Articles\block_0.dat
Merging blocks...
Merge completed.
TF-IDF and Norms computed.
[LOG] [DEBUG] Files in test_data_bow\bow\Articles: ['block_0.dat', 'data_storage.pkl', 'doc_norms.dat', 'inverted_index.dat', 'tfidf_index.dat']
[LOG] INSERT INTO Articles VALUES [1, 'El aprendizaje automßtico es una rama de la inteligencia artificial.']
[OK] Inserted doc 1
[LOG] [DEBUG] Text: 'La inteligencia artificial transforma el mundo.' -> Tokens: ['inteligent', 'artificial', 'transform', 'mund']
[LOG] [DEBUG] Adding to indexer at test_data_bow\bow\Articles
Block 1 written to test_data_bow\bow\Articles\block_1.dat
Merging blocks...
Merge completed.
TF-IDF and Norms computed.
[LOG] [DEBUG] Files in test_data_bow\bow\Articles: ['block_0.dat', 'block_1.dat', 'data_storage.pkl', 'doc_norms.dat', 'inverted_index.dat', 'tfidf_index.dat']
[LOG] INSERT INTO Articles VALUES [2, 'La inteligencia artificial transforma el mundo.']
[OK] Inserted doc 2
[LOG] [DEBUG] Text: 'El aprendizaje profundo es parte del aprendizaje automßtico.' -> Tokens: ['aprendizaj', 'profund', 'part', 'aprendizaj', 'automat']
[LOG] [DEBUG] Adding to indexer at test_data_bow\bow\Articles
Block 2 written to test_data_bow\bow\Articles\block_2.dat
Merging blocks...
Merge completed.
TF-IDF and Norms computed.
[LOG] [DEBUG] Files in test_data_bow\bow\Articles: ['block_0.dat', 'block_1.dat', 'block_2.dat', 'data_storage.pkl', 'doc_norms.dat', 'inverted_index.dat', 'tfidf_index.dat']
[LOG] INSERT INTO Articles VALUES [3, 'El aprendizaje profundo es parte del aprendizaje automßtico.']
[OK] Inserted doc 3
[LOG] [DEBUG] Text: 'Los datos son el nuevo petr¾leo.' -> Tokens: ['dat', 'nuev', 'petrole']
[LOG] [DEBUG] Adding to indexer at test_data_bow\bow\Articles
Block 3 written to test_data_bow\bow\Articles\block_3.dat
Merging blocks...
Merge completed.
TF-IDF and Norms computed.
[LOG] [DEBUG] Files in test_data_bow\bow\Articles: ['block_0.dat', 'block_1.dat', 'block_2.dat', 'block_3.dat', 'data_storage.pkl', 'doc_norms.dat', 'inverted_index.dat', 'tfidf_index.dat']
[LOG] INSERT INTO Articles VALUES [4, 'Los datos son el nuevo petr¾leo.']
[OK] Inserted doc 4
[LOG] [DEBUG] Text: 'Python es excelente para ciencia de datos e inteligencia artificial.' -> Tokens: ['python', 'excelent', 'cienci', 'dat', 'inteligent', 'artificial']
[LOG] [DEBUG] Adding to indexer at test_data_bow\bow\Articles
Block 4 written to test_data_bow\bow\Articles\block_4.dat
Merging blocks...
Merge completed.
TF-IDF and Norms computed.
[LOG] [DEBUG] Files in test_data_bow\bow\Articles: ['block_0.dat', 'block_1.dat', 'block_2.dat', 'block_3.dat', 'block_4.dat', 'data_storage.pkl', 'doc_norms.dat', 'inverted_index.dat', 'tfidf_index.dat']
[LOG] INSERT INTO Articles VALUES [5, 'Python es excelente para ciencia de datos e inteligencia artificial.']
[OK] Inserted doc 5

3. Searching for 'inteligencia'...
[LOG] SEARCH Articles WHERE content = inteligencia
Found 0 results:
[WARNING] Search 'inteligencia' found 0 docs, expected >= 3

4. Searching for 'aprendizaje'...
[LOG] SEARCH Articles WHERE content = aprendizaje
Found 0 results:
